Agda2> (agda2-info-action "*Error*" "stack overflow" nil)
(agda2-status-action "")
Agda2> 