Agda2> (agda2-status-action "")
(agda2-info-action "*Type-checking*" "" nil)
(agda2-highlight-clear)
(agda2-info-action "*Type-checking*" "Checking Issue641 (Issue641.agda).\n" t)
(agda2-info-action "*Type-checking*" "Finished Issue641.\n" t)
(agda2-status-action "Checked")
(agda2-info-action "*All Goals*" "" nil)
((last . 1) . (agda2-goals-action '()))
Agda2> (agda2-status-action "")
(agda2-info-action "*Type-checking*" "" nil)
(agda2-highlight-clear)
(agda2-info-action "*Type-checking*" "Checking Issue641 (Issue641.agda).\n" t)
(agda2-info-action "*Error*" "Issue641.agda:3,7-10\nSet₁ != Set\nwhen checking that the expression Set has type Set" nil)
((last . 3) . (agda2-goto '("Issue641.agda" . 39)))
(agda2-status-action "")
Agda2> 