Agda2> (agda2-status-action "")
(agda2-info-action "*Type-checking*" "" nil)
(agda2-highlight-clear)
(agda2-info-action "*Type-checking*" "Checking Issue720 (Issue720.agda).\n" t)
(agda2-highlight-add-annotations '(1 7 (keyword) nil) '(17 22 (keyword) nil))
(agda2-highlight-add-annotations '(1 7 (keyword) nil) '(8 16 (module) nil ("Issue720.agda" . 1)) '(17 22 (keyword) nil))
(agda2-highlight-add-annotations '(1 7 (keyword) nil) '(8 16 (module) nil ("Issue720.agda" . 1)) '(17 22 (keyword) nil))
(agda2-info-action "*Type-checking*" "Finished Issue720.\n" t)
(agda2-status-action "Checked")
(agda2-info-action "*All Goals*" "" nil)
((last . 1) . (agda2-goals-action '()))
Agda2> (agda2-status-action "")
(agda2-info-action "*Type-checking*" "" nil)
(agda2-highlight-clear)
(agda2-info-action "*Type-checking*" "Checking Issue720 (Issue720.agda).\n" t)
(agda2-highlight-add-annotations '(1 7 (keyword) nil) '(17 22 (keyword) nil))
(agda2-highlight-add-annotations '(1 7 (keyword) nil) '(8 16 (module) nil ("Issue720.agda" . 1)) '(17 22 (keyword) nil))
(agda2-highlight-add-annotations '(1 7 (keyword) nil) '(8 16 (module) nil ("Issue720.agda" . 1)) '(17 22 (keyword) nil))
(agda2-info-action "*Type-checking*" "Finished Issue720.\n" t)
(agda2-status-action "Checked")
(agda2-info-action "*All Goals*" "" nil)
((last . 1) . (agda2-goals-action '()))
Agda2> 