Agda2> (agda2-status-action "")
(agda2-info-action "*Type-checking*" "" nil)
(agda2-highlight-clear)
(agda2-info-action "*Type-checking*" "Checking Issue811 (Issue811.agda).\n" t)
(agda2-info-action "*Type-checking*" "Finished Issue811.\n" t)
(agda2-status-action "")
(agda2-info-action "*All Goals*" "?0 : Set\n?1 : Set\n?2 : Set\n?3 : Set\n?4 : Set\n?5 : Set\n" nil)
((last . 1) . (agda2-goals-action '(0 1 2 3 4 5)))
Agda2> ((last . 2) . (agda2-make-case-action '("dot x .x refl = ?")))
((last . 1) . (agda2-goals-action '(0 1 2 3 4 5)))
Agda2> ((last . 2) . (agda2-make-case-action '("dot1 {A} {x} .x refl = ?")))
((last . 1) . (agda2-goals-action '(0 1 2 3 4 5)))
Agda2> ((last . 2) . (agda2-make-case-action '("dot2 x refl = ?")))
((last . 1) . (agda2-goals-action '(0 1 2 3 4 5)))
Agda2> ((last . 2) . (agda2-make-case-action '("dot x .x (refl .x) = ?")))
((last . 1) . (agda2-goals-action '(0 1 2 3 4 5)))
Agda2> ((last . 2) . (agda2-make-case-action '("dot1 .x (refl x) = ?")))
((last . 1) . (agda2-goals-action '(0 1 2 3 4 5)))
Agda2> ((last . 2) . (agda2-make-case-action '("dot2 x (refl .x) = ?")))
((last . 1) . (agda2-goals-action '(0 1 2 3 4 5)))
Agda2> 