Agda2> (agda2-status-action "")
(agda2-info-action "*Type-checking*" "" nil)
(agda2-highlight-clear)
(agda2-info-action "*Type-checking*" "Checking With-flicker (With-flicker.agda).\n" t)
(agda2-info-action "*Type-checking*" "Finished With-flicker.\n" t)
(agda2-status-action "Checked")
(agda2-info-action "*All Goals*" "" nil)
((last . 1) . (agda2-goals-action '()))
Agda2> 